
> BridgeWise@0.0.1 build
> nest build

node.exe : 
[96mlibs/bridge-core/src/adapters/hop.ts[0m:[93m1[0m:[93m38[0m - 
[91merror[0m[90m TS2307: [0mCannot find module 'axios' or its 
corresponding type declarations.
At C:\Users\u-adamu\npm-global\npm.ps1:24 char:5
+     & "node$exe"  "$basedir/node_modules/npm/bin/npm-cli.js" $args
+     ~~~~~~~~~~~~~~~~~~~~~~~~~~~~~~~~~~~~~~~~~~~~~~~~~~~~~~~~~~~~~~
    + CategoryInfo          : NotSpecified: ([96mlibs/bridg...e declarations. 
   :String) [], RemoteException
    + FullyQualifiedErrorId : NativeCommandError
 

[7m1[0m import axios, { AxiosInstance } from 'axios';
[7m [0m [91m                                     ~~~~~~~[0m
[96mlibs/bridge-core/src/adapters/hop.ts[0m:[93m126[0m:[93m7[0m - 
[91merror[0m[90m TS2584: [0mCannot find name 'console'. Do you need to 
change your target library? Try changing the 'lib' compiler option to include 
'dom'.

[7m126[0m       console.error(`[HopAdapter] Error fetching routes:`, error);
[7m   [0m [91m      ~~~~~~~[0m
[96mlibs/bridge-core/src/adapters/layerzero.ts[0m:[93m1[0m:[93m38[0m - 
[91merror[0m[90m TS2307: [0mCannot find module 'axios' or its 
corresponding type declarations.

[7m1[0m import axios, { AxiosInstance } from 'axios';
[7m [0m [91m                                     ~~~~~~~[0m
[96mlibs/bridge-core/src/adapters/layerzero.ts[0m:[93m147[0m:[93m7[0m - 
[91merror[0m[90m TS2584: [0mCannot find name 'console'. Do you need to 
change your target library? Try changing the 'lib' compiler option to include 
'dom'.

[7m147[0m       console.error(`[LayerZeroAdapter] Error fetching routes:`, 
error);
[7m   [0m [91m      ~~~~~~~[0m
[96mlibs/bridge-core/src/adapters/layerzero.ts[0m:[93m222[0m:[93m7[0m - 
[91merror[0m[90m TS2584: [0mCannot find name 'console'. Do you need to 
change your target library? Try changing the 'lib' compiler option to include 
'dom'.

[7m222[0m       console.error(`[LayerZeroAdapter] Error fetching from scan 
API:`, error);
[7m   [0m [91m      ~~~~~~~[0m
[96mlibs/bridge-core/src/adapters/mock-rpc.ts[0m:[93m6[0m:[93m53[0m - 
[91merror[0m[90m TS2307: [0mCannot find module 'express' or its 
corresponding type declarations.

[7m6[0m import express, { Express, Request, Response } from 'express';
[7m [0m [91m                                                    
~~~~~~~~~[0m
[96mlibs/bridge-core/src/adapters/mock-rpc.ts[0m:[93m426[0m:[93m37[0m - 
[91merror[0m[90m TS2304: [0mCannot find name 'setTimeout'.

[7m426[0m     return new Promise((resolve) => setTimeout(resolve, ms));
[7m   [0m [91m                                    ~~~~~~~~~~[0m
[96mlibs/bridge-core/src/adapters/mock-rpc.ts[0m:[93m435[0m:[93m9[0m - 
[91merror[0m[90m TS2584: [0mCannot find name 'console'. Do you need to 
change your target library? Try changing the 'lib' compiler option to include 
'dom'.

[7m435[0m         console.log(
[7m   [0m [91m        ~~~~~~~[0m
[96mlibs/bridge-core/src/adapters/stellar.ts[0m:[93m1[0m:[93m38[0m - 
[91merror[0m[90m TS2307: [0mCannot find module 'axios' or its 
corresponding type declarations.

[7m1[0m import axios, { AxiosInstance } from 'axios';
[7m [0m [91m                                     ~~~~~~~[0m
[96mlibs/bridge-core/src/adapters/stellar.ts[0m:[93m99[0m:[93m7[0m - 
[91merror[0m[90m TS2584: [0mCannot find name 'console'. Do you need to 
change your target library? Try changing the 'lib' compiler option to include 
'dom'.

[7m99[0m       console.error(`[StellarAdapter] Error fetching routes:`, 
error);
[7m  [0m [91m      ~~~~~~~[0m
[96mlibs/bridge-core/src/adapters/stellar.ts[0m:[93m196[0m:[93m7[0m - 
[91merror[0m[90m TS2584: [0mCannot find name 'console'. Do you need to 
change your target library? Try changing the 'lib' compiler option to include 
'dom'.

[7m196[0m       console.error(
[7m   [0m [91m      ~~~~~~~[0m
[96mlibs/bridge-core/src/adapters/stellar.ts[0m:[93m284[0m:[93m7[0m - 
[91merror[0m[90m TS2584: [0mCannot find name 'console'. Do you need to 
change your target library? Try changing the 'lib' compiler option to include 
'dom'.

[7m284[0m       console.error(
[7m   [0m [91m      ~~~~~~~[0m
[96mlibs/bridge-core/src/adapters/stellar.ts[0m:[93m340[0m:[93m7[0m - 
[91merror[0m[90m TS2584: [0mCannot find name 'console'. Do you need to 
change your target library? Try changing the 'lib' compiler option to include 
'dom'.

[7m340[0m       console.error(`[StellarAdapter] Error fetching ledger 
info:`, error);
[7m   [0m [91m      ~~~~~~~[0m
[96mlibs/bridge-core/src/aggregator.ts[0m:[93m182[0m:[93m9[0m - 
[91merror[0m[90m TS2304: [0mCannot find name 'setTimeout'.

[7m182[0m         setTimeout(() => reject(new Error('Request timeout')), 
this.timeout),
[7m   [0m [91m        ~~~~~~~~~~[0m
[96mlibs/bridge-core/src/api.ts[0m:[93m26[0m:[93m7[0m - 
[91merror[0m[90m TS2584: [0mCannot find name 'console'. Do you need to 
change your target library? Try changing the 'lib' compiler option to include 
'dom'.

[7m26[0m       console.log(`[${providerName}] Circuit breaker opened.`),
[7m  [0m [91m      ~~~~~~~[0m
[96mlibs/bridge-core/src/api.ts[0m:[93m29[0m:[93m7[0m - 
[91merror[0m[90m TS2584: [0mCannot find name 'console'. Do you need to 
change your target library? Try changing the 'lib' compiler option to include 
'dom'.

[7m29[0m       console.log(`[${providerName}] Circuit breaker is 
half-open.`),
[7m  [0m [91m      ~~~~~~~[0m
[96mlibs/bridge-core/src/api.ts[0m:[93m32[0m:[93m7[0m - 
[91merror[0m[90m TS2584: [0mCannot find name 'console'. Do you need to 
change your target library? Try changing the 'lib' compiler option to include 
'dom'.

[7m32[0m       console.log(`[${providerName}] Circuit breaker closed.`),
[7m  [0m [91m      ~~~~~~~[0m
[96mlibs/bridge-core/src/api.ts[0m:[93m35[0m:[93m7[0m - 
[91merror[0m[90m TS2584: [0mCannot find name 'console'. Do you need to 
change your target library? Try changing the 'lib' compiler option to include 
'dom'.

[7m35[0m       console.log(`[${providerName}] Fallback executed with 
result:`, result),
[7m  [0m [91m      ~~~~~~~[0m
[96mlibs/bridge-core/src/api.ts[0m:[93m70[0m:[93m3[0m - 
[91merror[0m[90m TS2584: [0mCannot find name 'console'. Do you need to 
change your target library? Try changing the 'lib' compiler option to include 
'dom'.

[7m70[0m   console.log(`Calling API for provider: ${request.provider.name}`);
[7m  [0m [91m  ~~~~~~~[0m
[96mlibs/bridge-core/src/benchmark.ts[0m:[93m204[0m:[93m7[0m - 
[91merror[0m[90m TS2584: [0mCannot find name 'console'. Do you need to 
change your target library? Try changing the 'lib' compiler option to include 
'dom'.

[7m204[0m       console.error('Error processing route for benchmark:', 
error);
[7m   [0m [91m      ~~~~~~~[0m
[96mlibs/bridge-core/src/example.ts[0m:[93m14[0m:[93m3[0m - 
[91merror[0m[90m TS2584: [0mCannot find name 'console'. Do you need to 
change your target library? Try changing the 'lib' compiler option to include 
'dom'.

[7m14[0m   console.log('=== Example 1: Simple Route Discovery ===\n');
[7m  [0m [91m  ~~~~~~~[0m
[96mlibs/bridge-core/src/example.ts[0m:[93m23[0m:[93m3[0m - 
[91merror[0m[90m TS2584: [0mCannot find name 'console'. Do you need to 
change your target library? Try changing the 'lib' compiler option to include 
'dom'.

[7m23[0m   console.log(
[7m  [0m [91m  ~~~~~~~[0m
[96mlibs/bridge-core/src/example.ts[0m:[93m28[0m:[93m5[0m - 
[91merror[0m[90m TS2584: [0mCannot find name 'console'. Do you need to 
change your target library? Try changing the 'lib' compiler option to include 
'dom'.

[7m28[0m     console.log(`Route ${index + 1}: ${route.adapter}`);
[7m  [0m [91m    ~~~~~~~[0m
[96mlibs/bridge-core/src/example.ts[0m:[93m29[0m:[93m5[0m - 
[91merror[0m[90m TS2584: [0mCannot find name 'console'. Do you need to 
change your target library? Try changing the 'lib' compiler option to include 
'dom'.

[7m29[0m     console.log(`  Total Fees: ${route.totalFees}`);
[7m  [0m [91m    ~~~~~~~[0m
[96mlibs/bridge-core/src/example.ts[0m:[93m30[0m:[93m5[0m - 
[91merror[0m[90m TS2584: [0mCannot find name 'console'. Do you need to 
change your target library? Try changing the 'lib' compiler option to include 
'dom'.

[7m30[0m     console.log(`  Estimated Time: ${route.estimatedTime}s`);
[7m  [0m [91m    ~~~~~~~[0m
[96mlibs/bridge-core/src/example.ts[0m:[93m31[0m:[93m5[0m - 
[91merror[0m[90m TS2584: [0mCannot find name 'console'. Do you need to 
change your target library? Try changing the 'lib' compiler option to include 
'dom'.

[7m31[0m     console.log(`  Token In: ${route.tokenIn}`);
[7m  [0m [91m    ~~~~~~~[0m
[96mlibs/bridge-core/src/example.ts[0m:[93m32[0m:[93m5[0m - 
[91merror[0m[90m TS2584: [0mCannot find name 'console'. Do you need to 
change your target library? Try changing the 'lib' compiler option to include 
'dom'.

[7m32[0m     console.log(`  Token Out: ${route.tokenOut}`);
[7m  [0m [91m    ~~~~~~~[0m
[96mlibs/bridge-core/src/example.ts[0m:[93m33[0m:[93m5[0m - 
[91merror[0m[90m TS2584: [0mCannot find name 'console'. Do you need to 
change your target library? Try changing the 'lib' compiler option to include 
'dom'.

[7m33[0m     console.log(`  Hops: ${route.hops.length}`);
[7m  [0m [91m    ~~~~~~~[0m
[96mlibs/bridge-core/src/example.ts[0m:[93m34[0m:[93m5[0m - 
[91merror[0m[90m TS2584: [0mCannot find name 'console'. Do you need to 
change your target library? Try changing the 'lib' compiler option to include 
'dom'.

[7m34[0m     console.log('');
[7m  [0m [91m    ~~~~~~~[0m
[96mlibs/bridge-core/src/example.ts[0m:[93m42[0m:[93m3[0m - 
[91merror[0m[90m TS2584: [0mCannot find name 'console'. Do you need to 
change your target library? Try changing the 'lib' compiler option to include 
'dom'.

[7m42[0m   console.log('=== Example 2: Validation Before Bridge Execution 
===\n');
[7m  [0m [91m  ~~~~~~~[0m
[96mlibs/bridge-core/src/example.ts[0m:[93m62[0m:[93m5[0m - 
[91merror[0m[90m TS2584: [0mCannot find name 'console'. Do you need to 
change your target library? Try changing the 'lib' compiler option to include 
'dom'.

[7m62[0m     console.log('Validation Failed:');
[7m  [0m [91m    ~~~~~~~[0m
[96mlibs/bridge-core/src/example.ts[0m:[93m64[0m:[93m7[0m - 
[91merror[0m[90m TS2584: [0mCannot find name 'console'. Do you need to 
change your target library? Try changing the 'lib' compiler option to include 
'dom'.

[7m64[0m       console.log(`  Γ¥î [${error.code}] ${error.message}`);
[7m  [0m [91m      ~~~~~~~[0m
[96mlibs/bridge-core/src/example.ts[0m:[93m67[0m:[93m5[0m - 
[91merror[0m[90m TS2584: [0mCannot find name 'console'. Do you need to 
change your target library? Try changing the 'lib' compiler option to include 
'dom'.

[7m67[0m     console.log('Γ£à Validation passed! Safe to proceed with route 
fetching.');
[7m  [0m [91m    ~~~~~~~[0m
[96mlibs/bridge-core/src/example.ts[0m:[93m71[0m:[93m5[0m - 
[91merror[0m[90m TS2584: [0mCannot find name 'console'. Do you need to 
change your target library? Try changing the 'lib' compiler option to include 
'dom'.

[7m71[0m     console.log('\nWarnings:');
[7m  [0m [91m    ~~~~~~~[0m
[96mlibs/bridge-core/src/example.ts[0m:[93m73[0m:[93m7[0m - 
[91merror[0m[90m TS2584: [0mCannot find name 'console'. Do you need to 
change your target library? Try changing the 'lib' compiler option to include 
'dom'.

[7m73[0m       console.log(`  ΓÜá∩╕Å  [${warning.code}] ${warning.message}`);
[7m  [0m [91m      ~~~~~~~[0m
[96mlibs/bridge-core/src/example.ts[0m:[93m82[0m:[93m3[0m - 
[91merror[0m[90m TS2584: [0mCannot find name 'console'. Do you need to 
change your target library? Try changing the 'lib' compiler option to include 
'dom'.

[7m82[0m   console.log('=== Example 3: Advanced Configuration ===\n');
[7m  [0m [91m  ~~~~~~~[0m
[96mlibs/bridge-core/src/example.ts[0m:[93m105[0m:[93m5[0m - 
[91merror[0m[90m TS2584: [0mCannot find name 'console'. Do you need to 
change your target library? Try changing the 'lib' compiler option to include 
'dom'.

[7m105[0m     console.log(`Best Route: ${bestRoute.adapter}`);
[7m   [0m [91m    ~~~~~~~[0m
[96mlibs/bridge-core/src/example.ts[0m:[93m106[0m:[93m5[0m - 
[91merror[0m[90m TS2584: [0mCannot find name 'console'. Do you need to 
change your target library? Try changing the 'lib' compiler option to include 
'dom'.

[7m106[0m     console.log(`  Total Fees: ${bestRoute.totalFees}`);
[7m   [0m [91m    ~~~~~~~[0m
[96mlibs/bridge-core/src/example.ts[0m:[93m107[0m:[93m5[0m - 
[91merror[0m[90m TS2584: [0mCannot find name 'console'. Do you need to 
change your target library? Try changing the 'lib' compiler option to include 
'dom'.

[7m107[0m     console.log(`  Time: ${bestRoute.estimatedTime}s`);
[7m   [0m [91m    ~~~~~~~[0m
[96mlibs/bridge-core/src/example.ts[0m:[93m108[0m:[93m5[0m - 
[91merror[0m[90m TS2584: [0mCannot find name 'console'. Do you need to 
change your target library? Try changing the 'lib' compiler option to include 
'dom'.

[7m108[0m     console.log(`  Hops: ${bestRoute.hops.length}`);
[7m   [0m [91m    ~~~~~~~[0m
[96mlibs/bridge-core/src/example.ts[0m:[93m110[0m:[93m5[0m - 
[91merror[0m[90m TS2584: [0mCannot find name 'console'. Do you need to 
change your target library? Try changing the 'lib' compiler option to include 
'dom'.

[7m110[0m     console.log('No routes found');
[7m   [0m [91m    ~~~~~~~[0m
[96mlibs/bridge-core/src/example.ts[0m:[93m118[0m:[93m3[0m - 
[91merror[0m[90m TS2584: [0mCannot find name 'console'. Do you need to 
change your target library? Try changing the 'lib' compiler option to include 
'dom'.

[7m118[0m   console.log('=== Example 4: Route Validation Before Execution 
===\n');
[7m   [0m [91m  ~~~~~~~[0m
[96mlibs/bridge-core/src/example.ts[0m:[93m130[0m:[93m5[0m - 
[91merror[0m[90m TS2584: [0mCannot find name 'console'. Do you need to 
change your target library? Try changing the 'lib' compiler option to include 
'dom'.

[7m130[0m     console.log('No routes available');
[7m   [0m [91m    ~~~~~~~[0m
[96mlibs/bridge-core/src/example.ts[0m:[93m152[0m:[93m5[0m - 
[91merror[0m[90m TS2584: [0mCannot find name 'console'. Do you need to 
change your target library? Try changing the 'lib' compiler option to include 
'dom'.

[7m152[0m     console.log('Γ£à Route validated successfully!');
[7m   [0m [91m    ~~~~~~~[0m
[96mlibs/bridge-core/src/example.ts[0m:[93m153[0m:[93m5[0m - 
[91merror[0m[90m TS2584: [0mCannot find name 'console'. Do you need to 
change your target library? Try changing the 'lib' compiler option to include 
'dom'.

[7m153[0m     console.log(`Adapter: ${selectedRoute.adapter}`);
[7m   [0m [91m    ~~~~~~~[0m
[96mlibs/bridge-core/src/example.ts[0m:[93m154[0m:[93m5[0m - 
[91merror[0m[90m TS2584: [0mCannot find name 'console'. Do you need to 
change your target library? Try changing the 'lib' compiler option to include 
'dom'.

[7m154[0m     console.log(`Total Fees: ${selectedRoute.totalFees}`);
[7m   [0m [91m    ~~~~~~~[0m
[96mlibs/bridge-core/src/example.ts[0m:[93m156[0m:[93m5[0m - 
[91merror[0m[90m TS2584: [0mCannot find name 'console'. Do you need to 
change your target library? Try changing the 'lib' compiler option to include 
'dom'.

[7m156[0m     console.log('Γ¥î Route validation failed:');
[7m   [0m [91m    ~~~~~~~[0m
[96mlibs/bridge-core/src/example.ts[0m:[93m158[0m:[93m7[0m - 
[91merror[0m[90m TS2584: [0mCannot find name 'console'. Do you need to 
change your target library? Try changing the 'lib' compiler option to include 
'dom'.

[7m158[0m       console.log(`  [${error.code}] ${error.message}`);
[7m   [0m [91m      ~~~~~~~[0m
[96mlibs/bridge-core/src/example.ts[0m:[93m167[0m:[93m3[0m - 
[91merror[0m[90m TS2584: [0mCannot find name 'console'. Do you need to 
change your target library? Try changing the 'lib' compiler option to include 
'dom'.

[7m167[0m   console.log('=== Example 5: Filtering Routes ===\n');
[7m   [0m [91m  ~~~~~~~[0m
[96mlibs/bridge-core/src/example.ts[0m:[93m179[0m:[93m3[0m - 
[91merror[0m[90m TS2584: [0mCannot find name 'console'. Do you need to 
change your target library? Try changing the 'lib' compiler option to include 
'dom'.

[7m179[0m   console.log(`Routes with low fees: ${lowFeeRoutes.length}`);
[7m   [0m [91m  ~~~~~~~[0m
[96mlibs/bridge-core/src/example.ts[0m:[93m183[0m:[93m3[0m - 
[91merror[0m[90m TS2584: [0mCannot find name 'console'. Do you need to 
change your target library? Try changing the 'lib' compiler option to include 
'dom'.

[7m183[0m   console.log(`Routes faster than 5 minutes: 
${fastRoutes.length}`);
[7m   [0m [91m  ~~~~~~~[0m
[96mlibs/bridge-core/src/example.ts[0m:[93m190[0m:[93m3[0m - 
[91merror[0m[90m TS2584: [0mCannot find name 'console'. Do you need to 
change your target library? Try changing the 'lib' compiler option to include 
'dom'.

[7m190[0m   console.log(
[7m   [0m [91m  ~~~~~~~[0m
[96mlibs/bridge-core/src/unified-adapter/examples.ts[0m:[93m704[0m:[93m1[
0m - [91merror[0m[90m TS1010: [0m'*/' expected.

[7m704[0m 
[7m   [0m [91m[0m
[96mlibs/bridge-core/src/unified-adapter/validators.ts[0m:[93m223[0m:[93m9
[0m - [91merror[0m[90m TS2304: [0mCannot find name 'URL'.

[7m223[0m     new URL(url);
[7m   [0m [91m        ~~~[0m
[96msrc/app.controller.ts[0m:[93m1[0m:[93m33[0m - [91merror[0m[90m 
TS2307: [0mCannot find module '@nestjs/common' or its corresponding type 
declarations.

[7m1[0m import { Controller, Get } from '@nestjs/common';
[7m [0m [91m                                ~~~~~~~~~~~~~~~~[0m
[96msrc/app.controller.ts[0m:[93m2[0m:[93m52[0m - [91merror[0m[90m 
TS2307: [0mCannot find module '@nestjs/swagger' or its corresponding type 
declarations.

[7m2[0m import { ApiTags, ApiOperation, ApiResponse } from '@nestjs/swagger';
[7m [0m [91m                                                   
~~~~~~~~~~~~~~~~~[0m
[96msrc/app.module.ts[0m:[93m1[0m:[93m24[0m - [91merror[0m[90m 
TS2307: [0mCannot find module '@nestjs/common' or its corresponding type 
declarations.

[7m1[0m import { Module } from '@nestjs/common';
[7m [0m [91m                       ~~~~~~~~~~~~~~~~[0m
[96msrc/app.module.ts[0m:[93m2[0m:[93m45[0m - [91merror[0m[90m 
TS2307: [0mCannot find module '@nestjs/core' or its corresponding type 
declarations.

[7m2[0m import { APP_FILTER, APP_INTERCEPTOR } from '@nestjs/core';
[7m [0m [91m                                            ~~~~~~~~~~~~~~[0m
[96msrc/app.module.ts[0m:[93m3[0m:[93m33[0m - [91merror[0m[90m 
TS2307: [0mCannot find module '@nestjs/throttler' or its corresponding type 
declarations.

[7m3[0m import { ThrottlerModule } from '@nestjs/throttler';
[7m [0m [91m                                ~~~~~~~~~~~~~~~~~~~[0m
[96msrc/app.service.ts[0m:[93m1[0m:[93m28[0m - [91merror[0m[90m 
TS2307: [0mCannot find module '@nestjs/common' or its corresponding type 
declarations.

[7m1[0m import { Injectable } from '@nestjs/common';
[7m [0m [91m                           ~~~~~~~~~~~~~~~~[0m
[96msrc/common/exceptions/app.exception.ts[0m:[93m1[0m:[93m43[0m - 
[91merror[0m[90m TS2307: [0mCannot find module '@nestjs/common' or its 
corresponding type declarations.

[7m1[0m import { HttpException, HttpStatus } from '@nestjs/common';
[7m [0m [91m                                          ~~~~~~~~~~~~~~~~[0m
[96msrc/common/filters/global-exception.filter.ts[0m:[93m8[0m:[93m8[0m - 
[91merror[0m[90m TS2307: [0mCannot find module '@nestjs/common' or its 
corresponding type declarations.

[7m8[0m } from '@nestjs/common';
[7m [0m [91m       ~~~~~~~~~~~~~~~~[0m
[96msrc/common/filters/global-exception.filter.ts[0m:[93m9[0m:[93m35[0m 
- [91merror[0m[90m TS2307: [0mCannot find module 'express' or its 
corresponding type declarations.

[7m9[0m import { Request, Response } from 'express';
[7m [0m [91m                                  ~~~~~~~~~[0m
[96msrc/common/filters/global-exception.filter.ts[0m:[93m16[0m:[93m30[0m 
- [91merror[0m[90m TS2307: [0mCannot find module 'uuid' or its 
corresponding type declarations.

[7m16[0m import { v4 as uuidv4 } from 'uuid';
[7m  [0m [91m                             ~~~~~~[0m
[96msrc/common/filters/global-exception.filter.ts[0m:[93m63[0m:[93m13[0m 
- [91merror[0m[90m TS2580: [0mCannot find name 'process'. Do you need to 
install type definitions for node? Try `npm i --save-dev @types/node`.

[7m63[0m             process.env.NODE_ENV === 'development'
[7m  [0m [91m            ~~~~~~~[0m
[96msrc/common/interceptors/response.interceptor.ts[0m:[93m7[0m:[93m8[0m 
- [91merror[0m[90m TS2307: [0mCannot find module '@nestjs/common' or its 
corresponding type declarations.

[7m7[0m } from '@nestjs/common';
[7m [0m [91m       ~~~~~~~~~~~~~~~~[0m
[96msrc/common/interceptors/response.interceptor.ts[0m:[93m8[0m:[93m28[0m
 - [91merror[0m[90m TS2307: [0mCannot find module 'rxjs' or its 
corresponding type declarations.

[7m8[0m import { Observable } from 'rxjs';
[7m [0m [91m                           ~~~~~~[0m
[96msrc/common/interceptors/response.interceptor.ts[0m:[93m9[0m:[93m21[0m
 - [91merror[0m[90m TS2307: [0mCannot find module 'rxjs/operators' or its 
corresponding type declarations.

[7m9[0m import { map } from 'rxjs/operators';
[7m [0m [91m                    ~~~~~~~~~~~~~~~~[0m
[96msrc/common/interceptors/response.interceptor.ts[0m:[93m10[0m:[93m35[0
m - [91merror[0m[90m TS2307: [0mCannot find module 'express' or its 
corresponding type declarations.

[7m10[0m import { Request, Response } from 'express';
[7m  [0m [91m                                  ~~~~~~~~~[0m
[96msrc/common/interceptors/response.interceptor.ts[0m:[93m13[0m:[93m30[0
m - [91merror[0m[90m TS2307: [0mCannot find module 'uuid' or its 
corresponding type declarations.

[7m13[0m import { v4 as uuidv4 } from 'uuid';
[7m  [0m [91m                             ~~~~~~[0m
[96msrc/common/logger/audit-logger.service.ts[0m:[93m1[0m:[93m36[0m - 
[91merror[0m[90m TS2307: [0mCannot find module '@nestjs/common' or its 
corresponding type declarations.

[7m1[0m import { Injectable, Logger } from '@nestjs/common';
[7m [0m [91m                                   ~~~~~~~~~~~~~~~~[0m
[96msrc/common/middleware/request-id.middleware.ts[0m:[93m1[0m:[93m52[0m 
- [91merror[0m[90m TS2307: [0mCannot find module '@nestjs/common' or its 
corresponding type declarations.

[7m1[0m import { Injectable, NestMiddleware, Logger } from '@nestjs/common';
[7m [0m [91m                                                   
~~~~~~~~~~~~~~~~[0m
[96msrc/common/middleware/request-id.middleware.ts[0m:[93m2[0m:[93m49[0m 
- [91merror[0m[90m TS2307: [0mCannot find module 'express' or its 
corresponding type declarations.

[7m2[0m import { Request, Response, NextFunction } from 'express';
[7m [0m [91m                                                ~~~~~~~~~[0m
[96msrc/common/middleware/request-id.middleware.ts[0m:[93m3[0m:[93m30[0m 
- [91merror[0m[90m TS2307: [0mCannot find module 'uuid' or its 
corresponding type declarations.

[7m3[0m import { v4 as uuidv4 } from 'uuid';
[7m [0m [91m                             ~~~~~~[0m
[96msrc/common/types/express-extend.ts[0m:[93m1[0m:[93m25[0m - 
[91merror[0m[90m TS2307: [0mCannot find module 'express' or its 
corresponding type declarations.

[7m1[0m import { Request } from 'express';
[7m [0m [91m                        ~~~~~~~~~[0m
[96msrc/config/config.module.ts[0m:[93m1[0m:[93m32[0m - 
[91merror[0m[90m TS2307: [0mCannot find module '@nestjs/common' or its 
corresponding type declarations.

[7m1[0m import { Global, Module } from '@nestjs/common';
[7m [0m [91m                               ~~~~~~~~~~~~~~~~[0m
[96msrc/config/config.service.ts[0m:[93m1[0m:[93m36[0m - 
[91merror[0m[90m TS2307: [0mCannot find module '@nestjs/common' or its 
corresponding type declarations.

[7m1[0m import { Injectable, Logger } from '@nestjs/common';
[7m [0m [91m                                   ~~~~~~~~~~~~~~~~[0m
[96msrc/config/config.service.ts[0m:[93m15[0m:[93m22[0m - 
[91merror[0m[90m TS2580: [0mCannot find name 'process'. Do you need to 
install type definitions for node? Try `npm i --save-dev @types/node`.

[7m15[0m     const nodeEnv = (process.env.NODE_ENV || 'development') as 
Environment;
[7m  [0m [91m                     ~~~~~~~[0m
[96msrc/config/config.service.ts[0m:[93m20[0m:[93m15[0m - 
[91merror[0m[90m TS2580: [0mCannot find name 'process'. Do you need to 
install type definitions for node? Try `npm i --save-dev @types/node`.

[7m20[0m         host: process.env.DB_HOST || 'localhost',
[7m  [0m [91m              ~~~~~~~[0m
[96msrc/config/config.service.ts[0m:[93m21[0m:[93m24[0m - 
[91merror[0m[90m TS2580: [0mCannot find name 'process'. Do you need to 
install type definitions for node? Try `npm i --save-dev @types/node`.

[7m21[0m         port: parseInt(process.env.DB_PORT || '5432', 10),
[7m  [0m [91m                       ~~~~~~~[0m
[96msrc/config/config.service.ts[0m:[93m22[0m:[93m19[0m - 
[91merror[0m[90m TS2580: [0mCannot find name 'process'. Do you need to 
install type definitions for node? Try `npm i --save-dev @types/node`.

[7m22[0m         username: process.env.DB_USERNAME || 'postgres',
[7m  [0m [91m                  ~~~~~~~[0m
[96msrc/config/config.service.ts[0m:[93m23[0m:[93m19[0m - 
[91merror[0m[90m TS2580: [0mCannot find name 'process'. Do you need to 
install type definitions for node? Try `npm i --save-dev @types/node`.

[7m23[0m         password: process.env.DB_PASSWORD || '',
[7m  [0m [91m                  ~~~~~~~[0m
[96msrc/config/config.service.ts[0m:[93m24[0m:[93m19[0m - 
[91merror[0m[90m TS2580: [0mCannot find name 'process'. Do you need to 
install type definitions for node? Try `npm i --save-dev @types/node`.

[7m24[0m         database: process.env.DB_NAME || 'bridgewise',
[7m  [0m [91m                  ~~~~~~~[0m
[96msrc/config/config.service.ts[0m:[93m25[0m:[93m41[0m - 
[91merror[0m[90m TS2580: [0mCannot find name 'process'. Do you need to 
install type definitions for node? Try `npm i --save-dev @types/node`.

[7m25[0m         ssl: nodeEnv === 'production' ? process.env.DB_SSL === 
'true' : false,
[7m  [0m [91m                                        ~~~~~~~[0m
[96msrc/config/config.service.ts[0m:[93m29[0m:[93m11[0m - 
[91merror[0m[90m TS2580: [0mCannot find name 'process'. Do you need to 
install type definitions for node? Try `npm i --save-dev @types/node`.

[7m29[0m           process.env.RPC_ETHEREUM ||
[7m  [0m [91m          ~~~~~~~[0m
[96msrc/config/config.service.ts[0m:[93m31[0m:[93m18[0m - 
[91merror[0m[90m TS2580: [0mCannot find name 'process'. Do you need to 
install type definitions for node? Try `npm i --save-dev @types/node`.

[7m31[0m         polygon: process.env.RPC_POLYGON || 
'https://polygon-rpc.com',
[7m  [0m [91m                 ~~~~~~~[0m
[96msrc/config/config.service.ts[0m:[93m32[0m:[93m14[0m - 
[91merror[0m[90m TS2580: [0mCannot find name 'process'. Do you need to 
install type definitions for node? Try `npm i --save-dev @types/node`.

[7m32[0m         bsc: process.env.RPC_BSC || 
'https://bsc-dataseed.binance.org',
[7m  [0m [91m             ~~~~~~~[0m
[96msrc/config/config.service.ts[0m:[93m33[0m:[93m19[0m - 
[91merror[0m[90m TS2580: [0mCannot find name 'process'. Do you need to 
install type definitions for node? Try `npm i --save-dev @types/node`.

[7m33[0m         arbitrum: process.env.RPC_ARBITRUM || 
'https://arb1.arbitrum.io/rpc',
[7m  [0m [91m                  ~~~~~~~[0m
[96msrc/config/config.service.ts[0m:[93m34[0m:[93m19[0m - 
[91merror[0m[90m TS2580: [0mCannot find name 'process'. Do you need to 
install type definitions for node? Try `npm i --save-dev @types/node`.

[7m34[0m         optimism: process.env.RPC_OPTIMISM || 
'https://mainnet.optimism.io',
[7m  [0m [91m                  ~~~~~~~[0m
[96msrc/config/config.service.ts[0m:[93m37[0m:[93m17[0m - 
[91merror[0m[90m TS2580: [0mCannot find name 'process'. Do you need to 
install type definitions for node? Try `npm i --save-dev @types/node`.

[7m37[0m         apiKey: process.env.API_KEY || '',
[7m  [0m [91m                ~~~~~~~[0m
[96msrc/config/config.service.ts[0m:[93m38[0m:[93m20[0m - 
[91merror[0m[90m TS2580: [0mCannot find name 'process'. Do you need to 
install type definitions for node? Try `npm i --save-dev @types/node`.

[7m38[0m         apiSecret: process.env.API_SECRET,
[7m  [0m [91m                   ~~~~~~~[0m
[96msrc/config/config.service.ts[0m:[93m39[0m:[93m18[0m - 
[91merror[0m[90m TS2580: [0mCannot find name 'process'. Do you need to 
install type definitions for node? Try `npm i --save-dev @types/node`.

[7m39[0m         baseUrl: process.env.API_BASE_URL || 
'https://api.bridgewise.com',
[7m  [0m [91m                 ~~~~~~~[0m
[96msrc/config/config.service.ts[0m:[93m40[0m:[93m27[0m - 
[91merror[0m[90m TS2580: [0mCannot find name 'process'. Do you need to 
install type definitions for node? Try `npm i --save-dev @types/node`.

[7m40[0m         timeout: parseInt(process.env.API_TIMEOUT || '30000', 10),
[7m  [0m [91m                          ~~~~~~~[0m
[96msrc/config/config.service.ts[0m:[93m43[0m:[93m24[0m - 
[91merror[0m[90m TS2580: [0mCannot find name 'process'. Do you need to 
install type definitions for node? Try `npm i --save-dev @types/node`.

[7m43[0m         port: parseInt(process.env.PORT || '3000', 10),
[7m  [0m [91m                       ~~~~~~~[0m
[96msrc/config/config.service.ts[0m:[93m44[0m:[93m15[0m - 
[91merror[0m[90m TS2580: [0mCannot find name 'process'. Do you need to 
install type definitions for node? Try `npm i --save-dev @types/node`.

[7m44[0m         host: process.env.HOST || '0.0.0.0',
[7m  [0m [91m              ~~~~~~~[0m
[96msrc/config/config.service.ts[0m:[93m47[0m:[93m13[0m - 
[91merror[0m[90m TS2580: [0mCannot find name 'process'. Do you need to 
install type definitions for node? Try `npm i --save-dev @types/node`.

[7m47[0m             process.env.CORS_ORIGIN || 'http://localhost:3000',
[7m  [0m [91m            ~~~~~~~[0m
[96msrc/config/config.service.ts[0m:[93m49[0m:[93m24[0m - 
[91merror[0m[90m TS2580: [0mCannot find name 'process'. Do you need to 
install type definitions for node? Try `npm i --save-dev @types/node`.

[7m49[0m           credentials: process.env.CORS_CREDENTIALS === 'true',
[7m  [0m [91m                       ~~~~~~~[0m
[96msrc/config/config.service.ts[0m:[93m53[0m:[93m17[0m - 
[91merror[0m[90m TS2580: [0mCannot find name 'process'. Do you need to 
install type definitions for node? Try `npm i --save-dev @types/node`.

[7m53[0m         level: (process.env.LOG_LEVEL || 'info') as
[7m  [0m [91m                ~~~~~~~[0m
[96msrc/config/config.service.ts[0m:[93m59[0m:[93m18[0m - 
[91merror[0m[90m TS2580: [0mCannot find name 'process'. Do you need to 
install type definitions for node? Try `npm i --save-dev @types/node`.

[7m59[0m         format: (process.env.LOG_FORMAT || 'simple') as 'json' | 
'simple',
[7m  [0m [91m                 ~~~~~~~[0m
[96msrc/config/config.validation.ts[0m:[93m175[0m:[93m13[0m - 
[91merror[0m[90m TS2304: [0mCannot find name 'URL'.

[7m175[0m         new URL(value);
[7m   [0m [91m            ~~~[0m
[96msrc/gas-estimation/adapters/hop.adapter.ts[0m:[93m1[0m:[93m36[0m - 
[91merror[0m[90m TS2307: [0mCannot find module '@nestjs/common' or its 
corresponding type declarations.

[7m1[0m import { Injectable, Logger } from '@nestjs/common';
[7m [0m [91m                                   ~~~~~~~~~~~~~~~~[0m
[96msrc/gas-estimation/adapters/hop.adapter.ts[0m:[93m2[0m:[93m29[0m - 
[91merror[0m[90m TS2307: [0mCannot find module '@nestjs/axios' or its 
corresponding type declarations.

[7m2[0m import { HttpService } from '@nestjs/axios';
[7m [0m [91m                            ~~~~~~~~~~~~~~~[0m
[96msrc/gas-estimation/adapters/hop.adapter.ts[0m:[93m4[0m:[93m53[0m - 
[91merror[0m[90m TS2307: [0mCannot find module 'rxjs' or its corresponding 
type declarations.

[7m4[0m import { firstValueFrom, timeout, catchError } from 'rxjs';
[7m [0m [91m                                                    ~~~~~~[0m
[96msrc/gas-estimation/adapters/hop.adapter.ts[0m:[93m302[0m:[93m37[0m - 
[91merror[0m[90m TS2304: [0mCannot find name 'setTimeout'.

[7m302[0m     return new Promise((resolve) => setTimeout(resolve, ms));
[7m   [0m [91m                                    ~~~~~~~~~~[0m
[96msrc/gas-estimation/adapters/layerzero.adapter.ts[0m:[93m1[0m:[93m36[0
m - [91merror[0m[90m TS2307: [0mCannot find module '@nestjs/common' or its 
corresponding type declarations.

[7m1[0m import { Injectable, Logger } from '@nestjs/common';
[7m [0m [91m                                   ~~~~~~~~~~~~~~~~[0m
[96msrc/gas-estimation/adapters/layerzero.adapter.ts[0m:[93m2[0m:[93m29[0
m - [91merror[0m[90m TS2307: [0mCannot find module '@nestjs/axios' or its 
corresponding type declarations.

[7m2[0m import { HttpService } from '@nestjs/axios';
[7m [0m [91m                            ~~~~~~~~~~~~~~~[0m
[96msrc/gas-estimation/adapters/layerzero.adapter.ts[0m:[93m3[0m:[93m31[0
m - [91merror[0m[90m TS2307: [0mCannot find module '@nestjs/config' or its 
corresponding type declarations.

[7m3[0m import { ConfigService } from '@nestjs/config';
[7m [0m [91m                              ~~~~~~~~~~~~~~~~[0m
[96msrc/gas-estimation/adapters/layerzero.adapter.ts[0m:[93m4[0m:[93m53[0
m - [91merror[0m[90m TS2307: [0mCannot find module 'rxjs' or its 
corresponding type declarations.

[7m4[0m import { firstValueFrom, timeout, catchError } from 'rxjs';
[7m [0m [91m                                                    ~~~~~~[0m
[96msrc/gas-estimation/adapters/layerzero.adapter.ts[0m:[93m126[0m:[93m37
[0m - [91merror[0m[90m TS2304: [0mCannot find name 'setTimeout'.

[7m126[0m     return new Promise((resolve) => setTimeout(resolve, ms));
[7m   [0m [91m                                    ~~~~~~~~~~[0m
[96msrc/gas-estimation/adapters/stellar.adapter.ts[0m:[93m1[0m:[93m36[0m 
- [91merror[0m[90m TS2307: [0mCannot find module '@nestjs/common' or its 
corresponding type declarations.

[7m1[0m import { Injectable, Logger } from '@nestjs/common';
[7m [0m [91m                                   ~~~~~~~~~~~~~~~~[0m
[96msrc/gas-estimation/adapters/stellar.adapter.ts[0m:[93m2[0m:[93m29[0m 
- [91merror[0m[90m TS2307: [0mCannot find module '@nestjs/axios' or its 
corresponding type declarations.

[7m2[0m import { HttpService } from '@nestjs/axios';
[7m [0m [91m                            ~~~~~~~~~~~~~~~[0m
[96msrc/gas-estimation/adapters/stellar.adapter.ts[0m:[93m3[0m:[93m31[0m 
- [91merror[0m[90m TS2307: [0mCannot find module '@nestjs/config' or its 
corresponding type declarations.

[7m3[0m import { ConfigService } from '@nestjs/config';
[7m [0m [91m                              ~~~~~~~~~~~~~~~~[0m
[96msrc/gas-estimation/adapters/stellar.adapter.ts[0m:[93m4[0m:[93m53[0m 
- [91merror[0m[90m TS2307: [0mCannot find module 'rxjs' or its 
corresponding type declarations.

[7m4[0m import { firstValueFrom, timeout, catchError } from 'rxjs';
[7m [0m [91m                                                    ~~~~~~[0m
[96msrc/gas-estimation/adapters/stellar.adapter.ts[0m:[93m80[0m:[93m37[0m
 - [91merror[0m[90m TS2304: [0mCannot find name 'setTimeout'.

[7m80[0m     return new Promise((resolve) => setTimeout(resolve, ms));
[7m  [0m [91m                                    ~~~~~~~~~~[0m
[96msrc/gas-estimation/fee-estimation.controller.ts[0m:[93m7[0m:[93m8[0m 
- [91merror[0m[90m TS2307: [0mCannot find module '@nestjs/common' or its 
corresponding type declarations.

[7m7[0m } from '@nestjs/common';
[7m [0m [91m       ~~~~~~~~~~~~~~~~[0m
[96msrc/gas-estimation/fee-estimation.controller.ts[0m:[93m8[0m:[93m62[0m
 - [91merror[0m[90m TS2307: [0mCannot find module '@nestjs/swagger' or its 
corresponding type declarations.

[7m8[0m import { ApiTags, ApiOperation, ApiResponse, ApiQuery } from 
'@nestjs/swagger';
[7m [0m [91m                                                             
~~~~~~~~~~~~~~~~~[0m
[96msrc/gas-estimation/fee-estimation.module.ts[0m:[93m1[0m:[93m24[0m - 
[91merror[0m[90m TS2307: [0mCannot find module '@nestjs/common' or its 
corresponding type declarations.

[7m1[0m import { Module } from '@nestjs/common';
[7m [0m [91m                       ~~~~~~~~~~~~~~~~[0m
[96msrc/gas-estimation/fee-estimation.module.ts[0m:[93m2[0m:[93m28[0m - 
[91merror[0m[90m TS2307: [0mCannot find module '@nestjs/axios' or its 
corresponding type declarations.

[7m2[0m import { HttpModule } from '@nestjs/axios';
[7m [0m [91m                           ~~~~~~~~~~~~~~~[0m
[96msrc/gas-estimation/fee-estimation.module.ts[0m:[93m3[0m:[93m30[0m - 
[91merror[0m[90m TS2307: [0mCannot find module '@nestjs/config' or its 
corresponding type declarations.

[7m3[0m import { ConfigModule } from '@nestjs/config';
[7m [0m [91m                             ~~~~~~~~~~~~~~~~[0m
[96msrc/gas-estimation/fee-estimation.service.ts[0m:[93m1[0m:[93m36[0m - 
[91merror[0m[90m TS2307: [0mCannot find module '@nestjs/common' or its 
corresponding type declarations.

[7m1[0m import { Injectable, Logger } from '@nestjs/common';
[7m [0m [91m                                   ~~~~~~~~~~~~~~~~[0m
[96msrc/gas-estimation/hop.module.ts[0m:[93m1[0m:[93m24[0m - 
[91merror[0m[90m TS2307: [0mCannot find module '@nestjs/common' or its 
corresponding type declarations.

[7m1[0m import { Module } from '@nestjs/common';
[7m [0m [91m                       ~~~~~~~~~~~~~~~~[0m
[96msrc/gas-estimation/hop.module.ts[0m:[93m2[0m:[93m28[0m - 
[91merror[0m[90m TS2307: [0mCannot find module '@nestjs/axios' or its 
corresponding type declarations.

[7m2[0m import { HttpModule } from '@nestjs/axios';
[7m [0m [91m                           ~~~~~~~~~~~~~~~[0m
[96msrc/gas-estimation/hop.service.ts[0m:[93m1[0m:[93m36[0m - 
[91merror[0m[90m TS2307: [0mCannot find module '@nestjs/common' or its 
corresponding type declarations.

[7m1[0m import { Injectable, Logger } from '@nestjs/common';
[7m [0m [91m                                   ~~~~~~~~~~~~~~~~[0m
[96msrc/gas-estimation/token.service.ts[0m:[93m1[0m:[93m28[0m - 
[91merror[0m[90m TS2307: [0mCannot find module '@nestjs/common' or its 
corresponding type declarations.

[7m1[0m import { Injectable } from '@nestjs/common';
[7m [0m [91m                           ~~~~~~~~~~~~~~~~[0m
[96msrc/gas-estimation/token.service.ts[0m:[93m2[0m:[93m27[0m - 
[91merror[0m[90m TS2307: [0mCannot find module 'bignumber.js' or its 
corresponding type declarations.

[7m2[0m import { BigNumber } from 'bignumber.js';
[7m [0m [91m                          ~~~~~~~~~~~~~~[0m
[96msrc/layer-zero/controllers/layerzero.controller.ts[0m:[93m11[0m:[93m8
[0m - [91merror[0m[90m TS2307: [0mCannot find module '@nestjs/common' or 
its corresponding type declarations.

[7m11[0m } from '@nestjs/common';
[7m  [0m [91m       ~~~~~~~~~~~~~~~~[0m
[96msrc/layer-zero/modules/layerzero.module.ts[0m:[93m1[0m:[93m24[0m - 
[91merror[0m[90m TS2307: [0mCannot find module '@nestjs/common' or its 
corresponding type declarations.

[7m1[0m import { Module } from '@nestjs/common';
[7m [0m [91m                       ~~~~~~~~~~~~~~~~[0m
[96msrc/layer-zero/modules/layerzero.module.ts[0m:[93m2[0m:[93m30[0m - 
[91merror[0m[90m TS2307: [0mCannot find module '@nestjs/config' or its 
corresponding type declarations.

[7m2[0m import { ConfigModule } from '@nestjs/config';
[7m [0m [91m                             ~~~~~~~~~~~~~~~~[0m
[96msrc/layer-zero/services/layerzero.service.ts[0m:[93m1[0m:[93m50[0m - 
[91merror[0m[90m TS2307: [0mCannot find module '@nestjs/common' or its 
corresponding type declarations.

[7m1[0m import { Injectable, Logger, OnModuleInit } from '@nestjs/common';
[7m [0m [91m                                                 
~~~~~~~~~~~~~~~~[0m
[96msrc/layer-zero/services/layerzero.service.ts[0m:[93m2[0m:[93m31[0m - 
[91merror[0m[90m TS2307: [0mCannot find module '@nestjs/config' or its 
corresponding type declarations.

[7m2[0m import { ConfigService } from '@nestjs/config';
[7m [0m [91m                              ~~~~~~~~~~~~~~~~[0m
[96msrc/layer-zero/services/layerzero.service.ts[0m:[93m54[0m:[93m9[0m - 
[91merror[0m[90m TS2580: [0mCannot find name 'Buffer'. Do you need to 
install type definitions for node? Try `npm i --save-dev @types/node`.

[7m54[0m         Buffer.from(payload.replace('0x', ''), 'hex').length * 16;
[7m  [0m [91m        ~~~~~~[0m
[96msrc/layer-zero/services/layerzero.service.ts[0m:[93m208[0m:[93m5[0m 
- [91merror[0m[90m TS2304: [0mCannot find name 'setInterval'.

[7m208[0m     setInterval(() => {
[7m   [0m [91m    ~~~~~~~~~~~[0m
[96msrc/layer-zero/services/layerzero.service.ts[0m:[93m308[0m:[93m36[0m 
- [91merror[0m[90m TS2304: [0mCannot find name 'setTimeout'.

[7m308[0m     await new Promise((resolve) => setTimeout(resolve, delay));
[7m   [0m [91m                                   ~~~~~~~~~~[0m
[96msrc/main.ts[0m:[93m1[0m:[93m29[0m - [91merror[0m[90m TS2307: 
[0mCannot find module '@nestjs/core' or its corresponding type declarations.

[7m1[0m import { NestFactory } from '@nestjs/core';
[7m [0m [91m                            ~~~~~~~~~~~~~~[0m
[96msrc/main.ts[0m:[93m2[0m:[93m32[0m - [91merror[0m[90m TS2307: 
[0mCannot find module '@nestjs/common' or its corresponding type declarations.

[7m2[0m import { ValidationPipe } from '@nestjs/common';
[7m [0m [91m                               ~~~~~~~~~~~~~~~~[0m
[96msrc/main.ts[0m:[93m3[0m:[93m48[0m - [91merror[0m[90m TS2307: 
[0mCannot find module '@nestjs/swagger' or its corresponding type 
declarations.

[7m3[0m import { SwaggerModule, DocumentBuilder } from '@nestjs/swagger';
[7m [0m [91m                                               
~~~~~~~~~~~~~~~~~[0m
[96msrc/main.ts[0m:[93m76[0m:[93m3[0m - [91merror[0m[90m TS2584: 
[0mCannot find name 'console'. Do you need to change your target library? Try 
changing the 'lib' compiler option to include 'dom'.

[7m76[0m   console.log(
[7m  [0m [91m  ~~~~~~~[0m
[96msrc/main.ts[0m:[93m82[0m:[93m3[0m - [91merror[0m[90m TS2584: 
[0mCannot find name 'console'. Do you need to change your target library? Try 
changing the 'lib' compiler option to include 'dom'.

[7m82[0m   console.error('Γ¥î Error during application bootstrap:', err);
[7m  [0m [91m  ~~~~~~~[0m
[96msrc/main.ts[0m:[93m83[0m:[93m3[0m - [91merror[0m[90m TS2580: 
[0mCannot find name 'process'. Do you need to install type definitions for 
node? Try `npm i --save-dev @types/node`.

[7m83[0m   process.exit(1);
[7m  [0m [91m  ~~~~~~~[0m
[96msrc/src/common/filters/throttler-exception.filter.ts[0m:[93m6[0m:[93m8
[0m - [91merror[0m[90m TS2307: [0mCannot find module '@nestjs/common' or 
its corresponding type declarations.

[7m6[0m } from '@nestjs/common';
[7m [0m [91m       ~~~~~~~~~~~~~~~~[0m
[96msrc/src/common/filters/throttler-exception.filter.ts[0m:[93m7[0m:[93m3
6[0m - [91merror[0m[90m TS2307: [0mCannot find module '@nestjs/throttler' 
or its corresponding type declarations.

[7m7[0m import { ThrottlerException } from '@nestjs/throttler';
[7m [0m [91m                                   ~~~~~~~~~~~~~~~~~~~[0m
[96msrc/transactions/dto/create-transaction.dto.ts[0m:[93m1[0m:[93m58[0m 
- [91merror[0m[90m TS2307: [0mCannot find module 'class-validator' or its 
corresponding type declarations.

[7m1[0m import { IsString, IsOptional, IsObject, IsNumber } from 
'class-validator';
[7m [0m [91m                                                         
~~~~~~~~~~~~~~~~~[0m
[96msrc/transactions/dto/create-transaction.dto.ts[0m:[93m2[0m:[93m29[0m 
- [91merror[0m[90m TS2307: [0mCannot find module '@nestjs/swagger' or its 
corresponding type declarations.

Found 157 error(s).

[7m2[0m import { ApiProperty } from '@nestjs/swagger';
[7m [0m [91m                            ~~~~~~~~~~~~~~~~~[0m
[96msrc/transactions/dto/update-transaction.dto.ts[0m:[93m10[0m:[93m8[0m 
- [91merror[0m[90m TS2307: [0mCannot find module 'class-validator' or its 
corresponding type declarations.

[7m10[0m } from 'class-validator';
[7m  [0m [91m       ~~~~~~~~~~~~~~~~~[0m
[96msrc/transactions/dto/update-transaction.dto.ts[0m:[93m11[0m:[93m29[0m
 - [91merror[0m[90m TS2307: [0mCannot find module '@nestjs/swagger' or its 
corresponding type declarations.

[7m11[0m import { ApiProperty } from '@nestjs/swagger';
[7m  [0m [91m                            ~~~~~~~~~~~~~~~~~[0m
[96msrc/transactions/entities/transaction.entity.ts[0m:[93m7[0m:[93m8[0m 
- [91merror[0m[90m TS2307: [0mCannot find module 'typeorm' or its 
corresponding type declarations.

[7m7[0m } from 'typeorm';
[7m [0m [91m       ~~~~~~~~~[0m
[96msrc/transactions/transactions.controller.ts[0m:[93m13[0m:[93m8[0m - 
[91merror[0m[90m TS2307: [0mCannot find module '@nestjs/common' or its 
corresponding type declarations.

[7m13[0m } from '@nestjs/common';
[7m  [0m [91m       ~~~~~~~~~~~~~~~~[0m
[96msrc/transactions/transactions.controller.ts[0m:[93m20[0m:[93m8[0m - 
[91merror[0m[90m TS2307: [0mCannot find module '@nestjs/swagger' or its 
corresponding type declarations.

[7m20[0m } from '@nestjs/swagger';
[7m  [0m [91m       ~~~~~~~~~~~~~~~~~[0m
[96msrc/transactions/transactions.controller.ts[0m:[93m21[0m:[93m28[0m - 
[91merror[0m[90m TS2307: [0mCannot find module 'rxjs' or its corresponding 
type declarations.

[7m21[0m import { Observable } from 'rxjs';
[7m  [0m [91m                           ~~~~~~[0m
[96msrc/transactions/transactions.controller.ts[0m:[93m23[0m:[93m31[0m - 
[91merror[0m[90m TS2307: [0mCannot find module '@nestjs/event-emitter' or 
its corresponding type declarations.

[7m23[0m import { EventEmitter2 } from '@nestjs/event-emitter';
[7m  [0m [91m                              ~~~~~~~~~~~~~~~~~~~~~~~[0m
[96msrc/transactions/transactions.module.ts[0m:[93m1[0m:[93m24[0m - 
[91merror[0m[90m TS2307: [0mCannot find module '@nestjs/common' or its 
corresponding type declarations.

[7m1[0m import { Module } from '@nestjs/common';
[7m [0m [91m                       ~~~~~~~~~~~~~~~~[0m
[96msrc/transactions/transactions.module.ts[0m:[93m2[0m:[93m36[0m - 
[91merror[0m[90m TS2307: [0mCannot find module '@nestjs/event-emitter' or 
its corresponding type declarations.

[7m2[0m import { EventEmitterModule } from '@nestjs/event-emitter';
[7m [0m [91m                                   ~~~~~~~~~~~~~~~~~~~~~~~[0m
[96msrc/transactions/transactions.module.ts[0m:[93m3[0m:[93m31[0m - 
[91merror[0m[90m TS2307: [0mCannot find module '@nestjs/typeorm' or its 
corresponding type declarations.

[7m3[0m import { TypeOrmModule } from '@nestjs/typeorm';
[7m [0m [91m                              ~~~~~~~~~~~~~~~~~[0m
[96msrc/transactions/transactions.service.ts[0m:[93m1[0m:[93m47[0m - 
[91merror[0m[90m TS2307: [0mCannot find module '@nestjs/common' or its 
corresponding type declarations.

[7m1[0m import { Injectable, NotFoundException } from '@nestjs/common';
[7m [0m [91m                                              
~~~~~~~~~~~~~~~~[0m
[96msrc/transactions/transactions.service.ts[0m:[93m2[0m:[93m34[0m - 
[91merror[0m[90m TS2307: [0mCannot find module '@nestjs/typeorm' or its 
corresponding type declarations.

[7m2[0m import { InjectRepository } from '@nestjs/typeorm';
[7m [0m [91m                                 ~~~~~~~~~~~~~~~~~[0m
[96msrc/transactions/transactions.service.ts[0m:[93m3[0m:[93m28[0m - 
[91merror[0m[90m TS2307: [0mCannot find module 'typeorm' or its 
corresponding type declarations.

[7m3[0m import { Repository } from 'typeorm';
[7m [0m [91m                           ~~~~~~~~~[0m
[96msrc/transactions/transactions.service.ts[0m:[93m5[0m:[93m31[0m - 
[91merror[0m[90m TS2307: [0mCannot find module '@nestjs/event-emitter' or 
its corresponding type declarations.

[7m5[0m import { EventEmitter2 } from '@nestjs/event-emitter';
[7m [0m [91m                              ~~~~~~~~~~~~~~~~~~~~~~~[0m

